Archive member included to satisfy reference by file (symbol)

c:/intelfpga/18.1/nios2eds/bin/gnu/h-x86_64-mingw32/bin/../lib/gcc/nios2-elf/5.3.0/mno-hw-mul\libgcc.a(lib2-divmod.o)
                              obj/default/Lab3.o (__udivsi3)
../bsp/\libhal_bsp.a(alt_irq_register.o)
                              obj/default/Lab3.o (alt_irq_register)
../bsp/\libhal_bsp.a(alt_irq_vars.o)
                              ../bsp/\libhal_bsp.a(alt_irq_register.o) (alt_irq_active)
../bsp/\libhal_bsp.a(alt_load.o)
                              ../bsp//obj/HAL/src/crt0.o (alt_load)
../bsp/\libhal_bsp.a(alt_main.o)
                              ../bsp//obj/HAL/src/crt0.o (alt_main)
../bsp/\libhal_bsp.a(alt_printf.o)
                              obj/default/Lab3.o (alt_printf)
../bsp/\libhal_bsp.a(alt_putchar.o)
                              ../bsp/\libhal_bsp.a(alt_printf.o) (alt_putchar)
../bsp/\libhal_bsp.a(alt_sys_init.o)
                              ../bsp/\libhal_bsp.a(alt_putchar.o) (JTAG)
../bsp/\libhal_bsp.a(altera_avalon_jtag_uart_init.o)
                              ../bsp/\libhal_bsp.a(alt_sys_init.o) (altera_avalon_jtag_uart_init)
../bsp/\libhal_bsp.a(altera_avalon_jtag_uart_write.o)
                              ../bsp/\libhal_bsp.a(alt_putchar.o) (altera_avalon_jtag_uart_write)
../bsp/\libhal_bsp.a(altera_avalon_timer_sc.o)
                              ../bsp/\libhal_bsp.a(alt_sys_init.o) (alt_avalon_timer_sc_init)
../bsp/\libhal_bsp.a(alt_alarm_start.o)
                              ../bsp/\libhal_bsp.a(altera_avalon_jtag_uart_init.o) (alt_alarm_start)
../bsp/\libhal_bsp.a(alt_close.o)
                              ../bsp/\libhal_bsp.a(alt_main.o) (close)
../bsp/\libhal_bsp.a(alt_dcache_flush_all.o)
                              ../bsp/\libhal_bsp.a(alt_load.o) (alt_dcache_flush_all)
../bsp/\libhal_bsp.a(alt_errno.o)
                              ../bsp/\libhal_bsp.a(alt_close.o) (alt_errno)
../bsp/\libhal_bsp.a(alt_icache_flush_all.o)
                              ../bsp/\libhal_bsp.a(alt_load.o) (alt_icache_flush_all)
../bsp/\libhal_bsp.a(alt_iic.o)
                              ../bsp/\libhal_bsp.a(altera_avalon_jtag_uart_init.o) (alt_ic_isr_register)
../bsp/\libhal_bsp.a(alt_iic_isr_register.o)
                              ../bsp/\libhal_bsp.a(alt_iic.o) (alt_iic_isr_register)
../bsp/\libhal_bsp.a(alt_irq_entry.o)
                              ../bsp/\libhal_bsp.a(alt_irq_register.o) (alt_irq_entry)
../bsp/\libhal_bsp.a(alt_irq_handler.o)
                              ../bsp/\libhal_bsp.a(alt_irq_register.o) (alt_irq)
../bsp/\libhal_bsp.a(alt_tick.o)
                              ../bsp/\libhal_bsp.a(altera_avalon_jtag_uart_init.o) (_alt_tick_rate)
../bsp/\libhal_bsp.a(altera_nios2_gen2_irq.o)
                              ../bsp/\libhal_bsp.a(alt_sys_init.o) (altera_nios2_gen2_irq_init)
../bsp/\libhal_bsp.a(alt_exception_entry.o)
                              ../bsp/\libhal_bsp.a(alt_irq_entry.o) (alt_exception)
../bsp/\libhal_bsp.a(alt_instruction_exception_entry.o)
                              ../bsp/\libhal_bsp.a(alt_exception_entry.o) (alt_instruction_exception_entry)
c:/intelfpga/18.1/nios2eds/bin/gnu/h-x86_64-mingw32/bin/../lib/gcc/nios2-elf/5.3.0/../../../../../H-x86_64-mingw32/nios2-elf/lib/mno-hw-mul\libc.a(lib_a-exit.o)
                              ../bsp/\libhal_bsp.a(alt_main.o) (exit)
c:/intelfpga/18.1/nios2eds/bin/gnu/h-x86_64-mingw32/bin/../lib/gcc/nios2-elf/5.3.0/../../../../../H-x86_64-mingw32/nios2-elf/lib/mno-hw-mul\libc.a(lib_a-impure.o)
                              c:/intelfpga/18.1/nios2eds/bin/gnu/h-x86_64-mingw32/bin/../lib/gcc/nios2-elf/5.3.0/../../../../../H-x86_64-mingw32/nios2-elf/lib/mno-hw-mul\libc.a(lib_a-exit.o) (_global_impure_ptr)
c:/intelfpga/18.1/nios2eds/bin/gnu/h-x86_64-mingw32/bin/../lib/gcc/nios2-elf/5.3.0/../../../../../H-x86_64-mingw32/nios2-elf/lib/mno-hw-mul\libc.a(lib_a-int_errno.o)
                              ../bsp/\libhal_bsp.a(alt_close.o) (errno)
c:/intelfpga/18.1/nios2eds/bin/gnu/h-x86_64-mingw32/bin/../lib/gcc/nios2-elf/5.3.0/../../../../../H-x86_64-mingw32/nios2-elf/lib/mno-hw-mul\libc.a(lib_a-memcpy.o)
                              ../bsp/\libhal_bsp.a(altera_avalon_jtag_uart_write.o) (memcpy)
c:/intelfpga/18.1/nios2eds/bin/gnu/h-x86_64-mingw32/bin/../lib/gcc/nios2-elf/5.3.0/../../../../../H-x86_64-mingw32/nios2-elf/lib/mno-hw-mul\libc.a(lib_a-__call_atexit.o)
                              c:/intelfpga/18.1/nios2eds/bin/gnu/h-x86_64-mingw32/bin/../lib/gcc/nios2-elf/5.3.0/../../../../../H-x86_64-mingw32/nios2-elf/lib/mno-hw-mul\libc.a(lib_a-exit.o) (__call_exitprocs)
../bsp/\libhal_bsp.a(alt_exit.o)
                              c:/intelfpga/18.1/nios2eds/bin/gnu/h-x86_64-mingw32/bin/../lib/gcc/nios2-elf/5.3.0/../../../../../H-x86_64-mingw32/nios2-elf/lib/mno-hw-mul\libc.a(lib_a-exit.o) (_exit)

Allocating common symbols
Common symbol       size              file

alt_irq             0x100             ../bsp/\libhal_bsp.a(alt_irq_handler.o)
errno               0x4               c:/intelfpga/18.1/nios2eds/bin/gnu/h-x86_64-mingw32/bin/../lib/gcc/nios2-elf/5.3.0/../../../../../H-x86_64-mingw32/nios2-elf/lib/mno-hw-mul\libc.a(lib_a-int_errno.o)
value               0x4               obj/default/Lab3.o

Discarded input sections

 .gnu.warning.close
                0x0000000000000000        0x0 ../bsp/\libhal_bsp.a(alt_close.o)

Memory Configuration

Name             Origin             Length             Attributes
reset            0x0000000000010000 0x0000000000000020
RAM              0x0000000000010020 0x0000000000009c20
*default*        0x0000000000000000 0xffffffffffffffff

Linker script and memory map

LOAD ../bsp//obj/HAL/src/crt0.o
LOAD obj/default/Lab3.o
LOAD c:/intelfpga/18.1/nios2eds/bin/gnu/h-x86_64-mingw32/bin/../lib/gcc/nios2-elf/5.3.0/../../../../../H-x86_64-mingw32/nios2-elf/lib/mno-hw-mul\libstdc++.a
LOAD c:/intelfpga/18.1/nios2eds/bin/gnu/h-x86_64-mingw32/bin/../lib/gcc/nios2-elf/5.3.0/../../../../../H-x86_64-mingw32/nios2-elf/lib/mno-hw-mul\libm.a
LOAD c:/intelfpga/18.1/nios2eds/bin/gnu/h-x86_64-mingw32/bin/../lib/gcc/nios2-elf/5.3.0/mno-hw-mul\libgcc.a
START GROUP
LOAD c:/intelfpga/18.1/nios2eds/bin/gnu/h-x86_64-mingw32/bin/../lib/gcc/nios2-elf/5.3.0/../../../../../H-x86_64-mingw32/nios2-elf/lib/mno-hw-mul\libc.a
LOAD c:/intelfpga/18.1/nios2eds/bin/gnu/h-x86_64-mingw32/bin/../lib/gcc/nios2-elf/5.3.0/mno-hw-mul\libgcc.a
LOAD ../bsp/\libhal_bsp.a
LOAD c:/intelfpga/18.1/nios2eds/bin/gnu/h-x86_64-mingw32/bin/../lib/gcc/nios2-elf/5.3.0/../../../../../H-x86_64-mingw32/nios2-elf/lib/mno-hw-mul\libm.a
END GROUP
LOAD c:/intelfpga/18.1/nios2eds/bin/gnu/h-x86_64-mingw32/bin/../lib/gcc/nios2-elf/5.3.0/mno-hw-mul\libgcc.a
                0x0000000000010000                __alt_mem_RAM = 0x10000

.entry          0x0000000000010000       0x20
 *(.entry)
 .entry         0x0000000000010000       0x20 ../bsp//obj/HAL/src/crt0.o
                0x0000000000010000                __reset

.exceptions     0x0000000000010020      0x210
                0x0000000000010020                PROVIDE (__ram_exceptions_start, ABSOLUTE (.))
                0x0000000000010020                . = ALIGN (0x20)
 *(.irq)
 *(.exceptions.entry.label)
 .exceptions.entry.label
                0x0000000000010020        0x0 ../bsp/\libhal_bsp.a(alt_irq_entry.o)
                0x0000000000010020                alt_irq_entry
 .exceptions.entry.label
                0x0000000000010020        0x0 ../bsp/\libhal_bsp.a(alt_exception_entry.o)
                0x0000000000010020                alt_exception
 *(.exceptions.entry.user)
 *(.exceptions.entry.ecc_fatal)
 *(.exceptions.entry)
 .exceptions.entry
                0x0000000000010020       0x54 ../bsp/\libhal_bsp.a(alt_exception_entry.o)
 *(.exceptions.irqtest.user)
 *(.exceptions.irqtest)
 .exceptions.irqtest
                0x0000000000010074       0x10 ../bsp/\libhal_bsp.a(alt_irq_entry.o)
 *(.exceptions.irqhandler.user)
 *(.exceptions.irqhandler)
 .exceptions.irqhandler
                0x0000000000010084        0x4 ../bsp/\libhal_bsp.a(alt_irq_entry.o)
 *(.exceptions.irqreturn.user)
 *(.exceptions.irqreturn)
 .exceptions.irqreturn
                0x0000000000010088        0x4 ../bsp/\libhal_bsp.a(alt_irq_entry.o)
 *(.exceptions.notirq.label)
 .exceptions.notirq.label
                0x000000000001008c        0x0 ../bsp/\libhal_bsp.a(alt_irq_entry.o)
 *(.exceptions.notirq.user)
 *(.exceptions.notirq)
 .exceptions.notirq
                0x000000000001008c        0x8 ../bsp/\libhal_bsp.a(alt_exception_entry.o)
 *(.exceptions.soft.user)
 *(.exceptions.soft)
 *(.exceptions.unknown.user)
 *(.exceptions.unknown)
 .exceptions.unknown
                0x0000000000010094       0x14 ../bsp/\libhal_bsp.a(alt_exception_entry.o)
 *(.exceptions.exit.label)
 .exceptions.exit.label
                0x00000000000100a8        0x0 ../bsp/\libhal_bsp.a(alt_irq_entry.o)
 .exceptions.exit.label
                0x00000000000100a8        0x0 ../bsp/\libhal_bsp.a(alt_exception_entry.o)
 *(.exceptions.exit.user)
 *(.exceptions.exit)
 .exceptions.exit
                0x00000000000100a8       0x54 ../bsp/\libhal_bsp.a(alt_exception_entry.o)
 *(.exceptions)
 .exceptions    0x00000000000100fc       0xd4 ../bsp/\libhal_bsp.a(alt_irq_handler.o)
                0x00000000000100fc                alt_irq_handler
 .exceptions    0x00000000000101d0       0x60 ../bsp/\libhal_bsp.a(alt_instruction_exception_entry.o)
                0x00000000000101d0                alt_instruction_exception_entry
                0x0000000000010230                PROVIDE (__ram_exceptions_end, ABSOLUTE (.))
                0x0000000000010020                PROVIDE (__flash_exceptions_start, LOADADDR (.exceptions))

.text           0x0000000000010230     0x19b8
                [!provide]                        PROVIDE (stext, ABSOLUTE (.))
 *(.interp)
 *(.hash)
 *(.dynsym)
 *(.dynstr)
 *(.gnu.version)
 *(.gnu.version_d)
 *(.gnu.version_r)
 *(.rel.init)
 *(.rela.init)
 *(.rel.text .rel.text.* .rel.gnu.linkonce.t.*)
 *(.rela.text .rela.text.* .rela.gnu.linkonce.t.*)
 *(.rel.fini)
 *(.rela.fini)
 *(.rel.rodata .rel.rodata.* .rel.gnu.linkonce.r.*)
 *(.rela.rodata .rela.rodata.* .rela.gnu.linkonce.r.*)
 *(.rel.data .rel.data.* .rel.gnu.linkonce.d.*)
 *(.rela.data .rela.data.* .rela.gnu.linkonce.d.*)
 *(.rel.tdata .rel.tdata.* .rel.gnu.linkonce.td.*)
 *(.rela.tdata .rela.tdata.* .rela.gnu.linkonce.td.*)
 *(.rel.tbss .rel.tbss.* .rel.gnu.linkonce.tb.*)
 *(.rela.tbss .rela.tbss.* .rela.gnu.linkonce.tb.*)
 *(.rel.ctors)
 *(.rela.ctors)
 *(.rel.dtors)
 *(.rela.dtors)
 *(.rel.got)
 *(.rela.got)
 *(.rel.sdata .rel.sdata.* .rel.gnu.linkonce.s.*)
 *(.rela.sdata .rela.sdata.* .rela.gnu.linkonce.s.*)
 *(.rel.sbss .rel.sbss.* .rel.gnu.linkonce.sb.*)
 *(.rela.sbss .rela.sbss.* .rela.gnu.linkonce.sb.*)
 *(.rel.sdata2 .rel.sdata2.* .rel.gnu.linkonce.s2.*)
 *(.rela.sdata2 .rela.sdata2.* .rela.gnu.linkonce.s2.*)
 *(.rel.sbss2 .rel.sbss2.* .rel.gnu.linkonce.sb2.*)
 *(.rela.sbss2 .rela.sbss2.* .rela.gnu.linkonce.sb2.*)
 *(.rel.bss .rel.bss.* .rel.gnu.linkonce.b.*)
 *(.rela.bss .rela.bss.* .rela.gnu.linkonce.b.*)
 *(.rel.plt)
 *(.rela.plt)
 *(.rel.dyn)
 *(.init)
 *(.plt)
 *(.text .stub .text.* .gnu.linkonce.t.*)
 .text          0x0000000000010230       0x3c ../bsp//obj/HAL/src/crt0.o
                0x0000000000010230                _start
 .text          0x000000000001026c       0xf0 obj/default/Lab3.o
                0x00000000000102b0                main
 .text          0x000000000001035c      0x1b4 c:/intelfpga/18.1/nios2eds/bin/gnu/h-x86_64-mingw32/bin/../lib/gcc/nios2-elf/5.3.0/mno-hw-mul\libgcc.a(lib2-divmod.o)
                0x000000000001035c                __divsi3
                0x00000000000103e0                __modsi3
                0x0000000000010454                __udivsi3
                0x00000000000104b8                __umodsi3
 .text          0x0000000000010510      0x180 ../bsp/\libhal_bsp.a(alt_irq_register.o)
                0x0000000000010510                alt_irq_register
 .text          0x0000000000010690        0x0 ../bsp/\libhal_bsp.a(alt_irq_vars.o)
 .text          0x0000000000010690       0xec ../bsp/\libhal_bsp.a(alt_load.o)
                0x00000000000106f8                alt_load
 .text          0x000000000001077c       0x50 ../bsp/\libhal_bsp.a(alt_main.o)
                0x000000000001077c                alt_main
 .text          0x00000000000107cc      0x22c ../bsp/\libhal_bsp.a(alt_printf.o)
                0x00000000000107cc                alt_printf
 .text          0x00000000000109f8       0x5c ../bsp/\libhal_bsp.a(alt_putchar.o)
                0x00000000000109f8                alt_putchar
 .text          0x0000000000010a54       0x8c ../bsp/\libhal_bsp.a(alt_sys_init.o)
                0x0000000000010a54                alt_irq_init
                0x0000000000010a8c                alt_sys_init
 .text          0x0000000000010ae0      0x3d4 ../bsp/\libhal_bsp.a(altera_avalon_jtag_uart_init.o)
                0x0000000000010ae0                altera_avalon_jtag_uart_init
                0x0000000000010e4c                altera_avalon_jtag_uart_close
 .text          0x0000000000010eb4      0x224 ../bsp/\libhal_bsp.a(altera_avalon_jtag_uart_write.o)
                0x0000000000010eb4                altera_avalon_jtag_uart_write
 .text          0x00000000000110d8       0xf4 ../bsp/\libhal_bsp.a(altera_avalon_timer_sc.o)
                0x0000000000011150                alt_avalon_timer_sc_init
 .text          0x00000000000111cc      0x12c ../bsp/\libhal_bsp.a(alt_alarm_start.o)
                0x00000000000111cc                alt_alarm_start
 .text          0x00000000000112f8       0x78 ../bsp/\libhal_bsp.a(alt_close.o)
                0x0000000000011334                close
 .text          0x0000000000011370       0x20 ../bsp/\libhal_bsp.a(alt_dcache_flush_all.o)
                0x0000000000011370                alt_dcache_flush_all
 .text          0x0000000000011390        0x0 ../bsp/\libhal_bsp.a(alt_errno.o)
 .text          0x0000000000011390       0x20 ../bsp/\libhal_bsp.a(alt_icache_flush_all.o)
                0x0000000000011390                alt_icache_flush_all
 .text          0x00000000000113b0      0x1b0 ../bsp/\libhal_bsp.a(alt_iic.o)
                0x00000000000113b0                alt_ic_isr_register
                0x0000000000011400                alt_ic_irq_enable
                0x0000000000011488                alt_ic_irq_disable
                0x0000000000011514                alt_ic_irq_enabled
 .text          0x0000000000011560       0xf0 ../bsp/\libhal_bsp.a(alt_iic_isr_register.o)
                0x0000000000011560                alt_iic_isr_register
 .text          0x0000000000011650        0x0 ../bsp/\libhal_bsp.a(alt_irq_entry.o)
 .text          0x0000000000011650        0x0 ../bsp/\libhal_bsp.a(alt_irq_handler.o)
 .text          0x0000000000011650      0x1a4 ../bsp/\libhal_bsp.a(alt_tick.o)
                0x0000000000011650                alt_alarm_stop
                0x00000000000116ec                alt_tick
 .text          0x00000000000117f4       0x24 ../bsp/\libhal_bsp.a(altera_nios2_gen2_irq.o)
                0x00000000000117f4                altera_nios2_gen2_irq_init
 .text          0x0000000000011818        0x0 ../bsp/\libhal_bsp.a(alt_exception_entry.o)
 .text          0x0000000000011818       0x9c ../bsp/\libhal_bsp.a(alt_instruction_exception_entry.o)
                0x0000000000011818                alt_exception_cause_generated_bad_addr
 .text          0x00000000000118b4        0x0 c:/intelfpga/18.1/nios2eds/bin/gnu/h-x86_64-mingw32/bin/../lib/gcc/nios2-elf/5.3.0/../../../../../H-x86_64-mingw32/nios2-elf/lib/mno-hw-mul\libc.a(lib_a-exit.o)
 .text.exit     0x00000000000118b4       0x38 c:/intelfpga/18.1/nios2eds/bin/gnu/h-x86_64-mingw32/bin/../lib/gcc/nios2-elf/5.3.0/../../../../../H-x86_64-mingw32/nios2-elf/lib/mno-hw-mul\libc.a(lib_a-exit.o)
                0x00000000000118b4                exit
 .text          0x00000000000118ec        0x0 c:/intelfpga/18.1/nios2eds/bin/gnu/h-x86_64-mingw32/bin/../lib/gcc/nios2-elf/5.3.0/../../../../../H-x86_64-mingw32/nios2-elf/lib/mno-hw-mul\libc.a(lib_a-impure.o)
 .text          0x00000000000118ec        0x0 c:/intelfpga/18.1/nios2eds/bin/gnu/h-x86_64-mingw32/bin/../lib/gcc/nios2-elf/5.3.0/../../../../../H-x86_64-mingw32/nios2-elf/lib/mno-hw-mul\libc.a(lib_a-int_errno.o)
 .text          0x00000000000118ec        0x0 c:/intelfpga/18.1/nios2eds/bin/gnu/h-x86_64-mingw32/bin/../lib/gcc/nios2-elf/5.3.0/../../../../../H-x86_64-mingw32/nios2-elf/lib/mno-hw-mul\libc.a(lib_a-memcpy.o)
 .text.memcpy   0x00000000000118ec      0x148 c:/intelfpga/18.1/nios2eds/bin/gnu/h-x86_64-mingw32/bin/../lib/gcc/nios2-elf/5.3.0/../../../../../H-x86_64-mingw32/nios2-elf/lib/mno-hw-mul\libc.a(lib_a-memcpy.o)
                0x00000000000118ec                memcpy
 .text          0x0000000000011a34        0x0 c:/intelfpga/18.1/nios2eds/bin/gnu/h-x86_64-mingw32/bin/../lib/gcc/nios2-elf/5.3.0/../../../../../H-x86_64-mingw32/nios2-elf/lib/mno-hw-mul\libc.a(lib_a-__call_atexit.o)
 .text.__call_exitprocs
                0x0000000000011a34      0x180 c:/intelfpga/18.1/nios2eds/bin/gnu/h-x86_64-mingw32/bin/../lib/gcc/nios2-elf/5.3.0/../../../../../H-x86_64-mingw32/nios2-elf/lib/mno-hw-mul\libc.a(lib_a-__call_atexit.o)
                0x0000000000011a34                __call_exitprocs
 .text          0x0000000000011bb4       0x34 ../bsp/\libhal_bsp.a(alt_exit.o)
                0x0000000000011bb4                _exit
 *(.gnu.warning.*)
 *(.fini)
                [!provide]                        PROVIDE (__etext, ABSOLUTE (.))
                [!provide]                        PROVIDE (_etext, ABSOLUTE (.))
                [!provide]                        PROVIDE (etext, ABSOLUTE (.))
 *(.eh_frame_hdr)
                0x0000000000011be8                . = ALIGN (0x4)
                [!provide]                        PROVIDE (__preinit_array_start, ABSOLUTE (.))
 *(.preinit_array)
                [!provide]                        PROVIDE (__preinit_array_end, ABSOLUTE (.))
                [!provide]                        PROVIDE (__init_array_start, ABSOLUTE (.))
 *(.init_array)
                [!provide]                        PROVIDE (__init_array_end, ABSOLUTE (.))
                [!provide]                        PROVIDE (__fini_array_start, ABSOLUTE (.))
 *(.fini_array)
                [!provide]                        PROVIDE (__fini_array_end, ABSOLUTE (.))
 *(.eh_frame)
 *(.gcc_except_table .gcc_except_table.*)
 *(.dynamic)
                [!provide]                        PROVIDE (__CTOR_LIST__, ABSOLUTE (.))
 *(.ctors)
 *(SORT(.ctors.*))
                [!provide]                        PROVIDE (__CTOR_END__, ABSOLUTE (.))
                [!provide]                        PROVIDE (__DTOR_LIST__, ABSOLUTE (.))
 *(.dtors)
 *(SORT(.dtors.*))
                [!provide]                        PROVIDE (__DTOR_END__, ABSOLUTE (.))
 *(.jcr)
                0x0000000000011be8                . = ALIGN (0x4)

.rodata         0x0000000000011be8       0x14
                0x0000000000011be8                PROVIDE (__ram_rodata_start, ABSOLUTE (.))
                0x0000000000011be8                . = ALIGN (0x4)
 *(.rodata .rodata.* .gnu.linkonce.r.*)
 .rodata        0x0000000000011be8        0xf obj/default/Lab3.o
 *fill*         0x0000000000011bf7        0x1 
 .rodata.str1.4
                0x0000000000011bf8        0x4 c:/intelfpga/18.1/nios2eds/bin/gnu/h-x86_64-mingw32/bin/../lib/gcc/nios2-elf/5.3.0/../../../../../H-x86_64-mingw32/nios2-elf/lib/mno-hw-mul\libc.a(lib_a-impure.o)
                                          0x2 (size before relaxing)
 *(.rodata1)
                0x0000000000011bfc                . = ALIGN (0x4)
                0x0000000000011bfc                PROVIDE (__ram_rodata_end, ABSOLUTE (.))
                0x0000000000011be8                PROVIDE (__flash_rodata_start, LOADADDR (.rodata))

.rwdata         0x0000000000011bfc     0x1474 load address 0x0000000000013070
                0x0000000000011bfc                PROVIDE (__ram_rwdata_start, ABSOLUTE (.))
                0x0000000000011bfc                . = ALIGN (0x4)
 *(.got.plt)
 *(.got)
 *(.data1)
 *(.data .data.* .gnu.linkonce.d.*)
 .data          0x0000000000011bfc        0x0 ../bsp//obj/HAL/src/crt0.o
 .data          0x0000000000011bfc        0x0 obj/default/Lab3.o
 .data          0x0000000000011bfc        0x0 c:/intelfpga/18.1/nios2eds/bin/gnu/h-x86_64-mingw32/bin/../lib/gcc/nios2-elf/5.3.0/mno-hw-mul\libgcc.a(lib2-divmod.o)
 .data          0x0000000000011bfc        0x0 ../bsp/\libhal_bsp.a(alt_irq_register.o)
 .data          0x0000000000011bfc        0x0 ../bsp/\libhal_bsp.a(alt_irq_vars.o)
 .data          0x0000000000011bfc        0x0 ../bsp/\libhal_bsp.a(alt_load.o)
 .data          0x0000000000011bfc        0x0 ../bsp/\libhal_bsp.a(alt_main.o)
 .data          0x0000000000011bfc        0x0 ../bsp/\libhal_bsp.a(alt_printf.o)
 .data          0x0000000000011bfc        0x0 ../bsp/\libhal_bsp.a(alt_putchar.o)
 .data          0x0000000000011bfc     0x1038 ../bsp/\libhal_bsp.a(alt_sys_init.o)
                0x0000000000011bfc                JTAG
 .data          0x0000000000012c34        0x0 ../bsp/\libhal_bsp.a(altera_avalon_jtag_uart_init.o)
 .data          0x0000000000012c34        0x0 ../bsp/\libhal_bsp.a(altera_avalon_jtag_uart_write.o)
 .data          0x0000000000012c34        0x0 ../bsp/\libhal_bsp.a(altera_avalon_timer_sc.o)
 .data          0x0000000000012c34        0x0 ../bsp/\libhal_bsp.a(alt_alarm_start.o)
 .data          0x0000000000012c34        0x0 ../bsp/\libhal_bsp.a(alt_close.o)
 .data          0x0000000000012c34        0x0 ../bsp/\libhal_bsp.a(alt_dcache_flush_all.o)
 .data          0x0000000000012c34        0x0 ../bsp/\libhal_bsp.a(alt_errno.o)
 .data          0x0000000000012c34        0x0 ../bsp/\libhal_bsp.a(alt_icache_flush_all.o)
 .data          0x0000000000012c34        0x0 ../bsp/\libhal_bsp.a(alt_iic.o)
 .data          0x0000000000012c34        0x0 ../bsp/\libhal_bsp.a(alt_iic_isr_register.o)
 .data          0x0000000000012c34        0x0 ../bsp/\libhal_bsp.a(alt_irq_entry.o)
 .data          0x0000000000012c34        0x0 ../bsp/\libhal_bsp.a(alt_irq_handler.o)
 .data          0x0000000000012c34        0x0 ../bsp/\libhal_bsp.a(alt_tick.o)
 .data          0x0000000000012c34        0x0 ../bsp/\libhal_bsp.a(altera_nios2_gen2_irq.o)
 .data          0x0000000000012c34        0x0 ../bsp/\libhal_bsp.a(alt_exception_entry.o)
 .data          0x0000000000012c34        0x0 ../bsp/\libhal_bsp.a(alt_instruction_exception_entry.o)
 .data          0x0000000000012c34        0x0 c:/intelfpga/18.1/nios2eds/bin/gnu/h-x86_64-mingw32/bin/../lib/gcc/nios2-elf/5.3.0/../../../../../H-x86_64-mingw32/nios2-elf/lib/mno-hw-mul\libc.a(lib_a-exit.o)
 .data          0x0000000000012c34        0x0 c:/intelfpga/18.1/nios2eds/bin/gnu/h-x86_64-mingw32/bin/../lib/gcc/nios2-elf/5.3.0/../../../../../H-x86_64-mingw32/nios2-elf/lib/mno-hw-mul\libc.a(lib_a-impure.o)
 .data.impure_data
                0x0000000000012c34      0x424 c:/intelfpga/18.1/nios2eds/bin/gnu/h-x86_64-mingw32/bin/../lib/gcc/nios2-elf/5.3.0/../../../../../H-x86_64-mingw32/nios2-elf/lib/mno-hw-mul\libc.a(lib_a-impure.o)
 .data          0x0000000000013058        0x0 c:/intelfpga/18.1/nios2eds/bin/gnu/h-x86_64-mingw32/bin/../lib/gcc/nios2-elf/5.3.0/../../../../../H-x86_64-mingw32/nios2-elf/lib/mno-hw-mul\libc.a(lib_a-int_errno.o)
 .data          0x0000000000013058        0x0 c:/intelfpga/18.1/nios2eds/bin/gnu/h-x86_64-mingw32/bin/../lib/gcc/nios2-elf/5.3.0/../../../../../H-x86_64-mingw32/nios2-elf/lib/mno-hw-mul\libc.a(lib_a-memcpy.o)
 .data          0x0000000000013058        0x0 c:/intelfpga/18.1/nios2eds/bin/gnu/h-x86_64-mingw32/bin/../lib/gcc/nios2-elf/5.3.0/../../../../../H-x86_64-mingw32/nios2-elf/lib/mno-hw-mul\libc.a(lib_a-__call_atexit.o)
 .data          0x0000000000013058        0x0 ../bsp/\libhal_bsp.a(alt_exit.o)
                0x000000000001b058                _gp = ABSOLUTE ((. + 0x8000))
                [!provide]                        PROVIDE (gp, _gp)
 *(.rwdata .rwdata.*)
 *(.sdata .sdata.* .gnu.linkonce.s.*)
 .sdata         0x0000000000013058        0x4 ../bsp/\libhal_bsp.a(alt_irq_vars.o)
                0x0000000000013058                alt_priority_mask
 .sdata         0x000000000001305c        0x4 ../bsp/\libhal_bsp.a(alt_errno.o)
                0x000000000001305c                alt_errno
 .sdata         0x0000000000013060        0x8 ../bsp/\libhal_bsp.a(alt_tick.o)
                0x0000000000013060                alt_alarm_list
 .sdata._global_impure_ptr
                0x0000000000013068        0x4 c:/intelfpga/18.1/nios2eds/bin/gnu/h-x86_64-mingw32/bin/../lib/gcc/nios2-elf/5.3.0/../../../../../H-x86_64-mingw32/nios2-elf/lib/mno-hw-mul\libc.a(lib_a-impure.o)
                0x0000000000013068                _global_impure_ptr
 .sdata._impure_ptr
                0x000000000001306c        0x4 c:/intelfpga/18.1/nios2eds/bin/gnu/h-x86_64-mingw32/bin/../lib/gcc/nios2-elf/5.3.0/../../../../../H-x86_64-mingw32/nios2-elf/lib/mno-hw-mul\libc.a(lib_a-impure.o)
                0x000000000001306c                _impure_ptr
 *(.sdata2 .sdata2.* .gnu.linkonce.s2.*)
                0x0000000000013070                . = ALIGN (0x4)
                0x0000000000013070                _edata = ABSOLUTE (.)
                [!provide]                        PROVIDE (edata, ABSOLUTE (.))
                0x0000000000013070                PROVIDE (__ram_rwdata_end, ABSOLUTE (.))
                0x0000000000013070                PROVIDE (__flash_rwdata_start, LOADADDR (.rwdata))

.bss            0x00000000000144e4      0x124
                0x00000000000144e4                __bss_start = ABSOLUTE (.)
                [!provide]                        PROVIDE (__sbss_start, ABSOLUTE (.))
                [!provide]                        PROVIDE (___sbss_start, ABSOLUTE (.))
 *(.dynsbss)
 *(.sbss .sbss.* .gnu.linkonce.sb.*)
 .sbss          0x00000000000144e4        0x4 obj/default/Lab3.o
                0x00000000000144e4                value
 .sbss          0x00000000000144e8        0x4 ../bsp/\libhal_bsp.a(alt_irq_vars.o)
                0x00000000000144e8                alt_irq_active
 .sbss          0x00000000000144ec        0xc ../bsp/\libhal_bsp.a(alt_main.o)
                0x00000000000144ec                alt_argc
                0x00000000000144f0                alt_argv
                0x00000000000144f4                alt_envp
 .sbss          0x00000000000144f8        0x8 ../bsp/\libhal_bsp.a(alt_tick.o)
                0x00000000000144f8                _alt_tick_rate
                0x00000000000144fc                _alt_nticks
 .sbss          0x0000000000014500        0x4 ../bsp/\libhal_bsp.a(alt_instruction_exception_entry.o)
                0x0000000000014500                alt_instruction_exception_handler
 .sbss          0x0000000000014504        0x4 c:/intelfpga/18.1/nios2eds/bin/gnu/h-x86_64-mingw32/bin/../lib/gcc/nios2-elf/5.3.0/../../../../../H-x86_64-mingw32/nios2-elf/lib/mno-hw-mul\libc.a(lib_a-int_errno.o)
                0x0000000000014504                errno
 *(.sbss2 .sbss2.* .gnu.linkonce.sb2.*)
 *(.scommon)
                [!provide]                        PROVIDE (__sbss_end, ABSOLUTE (.))
                [!provide]                        PROVIDE (___sbss_end, ABSOLUTE (.))
 *(.dynbss)
 *(.bss .bss.* .gnu.linkonce.b.*)
 .bss           0x0000000000014508        0x0 ../bsp//obj/HAL/src/crt0.o
 .bss           0x0000000000014508        0x0 obj/default/Lab3.o
 .bss           0x0000000000014508        0x0 c:/intelfpga/18.1/nios2eds/bin/gnu/h-x86_64-mingw32/bin/../lib/gcc/nios2-elf/5.3.0/mno-hw-mul\libgcc.a(lib2-divmod.o)
 .bss           0x0000000000014508        0x0 ../bsp/\libhal_bsp.a(alt_irq_register.o)
 .bss           0x0000000000014508        0x0 ../bsp/\libhal_bsp.a(alt_irq_vars.o)
 .bss           0x0000000000014508        0x0 ../bsp/\libhal_bsp.a(alt_load.o)
 .bss           0x0000000000014508        0x0 ../bsp/\libhal_bsp.a(alt_main.o)
 .bss           0x0000000000014508        0x0 ../bsp/\libhal_bsp.a(alt_printf.o)
 .bss           0x0000000000014508        0x0 ../bsp/\libhal_bsp.a(alt_putchar.o)
 .bss           0x0000000000014508        0x0 ../bsp/\libhal_bsp.a(alt_sys_init.o)
 .bss           0x0000000000014508        0x0 ../bsp/\libhal_bsp.a(altera_avalon_jtag_uart_init.o)
 .bss           0x0000000000014508        0x0 ../bsp/\libhal_bsp.a(altera_avalon_jtag_uart_write.o)
 .bss           0x0000000000014508        0x0 ../bsp/\libhal_bsp.a(altera_avalon_timer_sc.o)
 .bss           0x0000000000014508        0x0 ../bsp/\libhal_bsp.a(alt_alarm_start.o)
 .bss           0x0000000000014508        0x0 ../bsp/\libhal_bsp.a(alt_close.o)
 .bss           0x0000000000014508        0x0 ../bsp/\libhal_bsp.a(alt_dcache_flush_all.o)
 .bss           0x0000000000014508        0x0 ../bsp/\libhal_bsp.a(alt_errno.o)
 .bss           0x0000000000014508        0x0 ../bsp/\libhal_bsp.a(alt_icache_flush_all.o)
 .bss           0x0000000000014508        0x0 ../bsp/\libhal_bsp.a(alt_iic.o)
 .bss           0x0000000000014508        0x0 ../bsp/\libhal_bsp.a(alt_iic_isr_register.o)
 .bss           0x0000000000014508        0x0 ../bsp/\libhal_bsp.a(alt_irq_entry.o)
 .bss           0x0000000000014508        0x0 ../bsp/\libhal_bsp.a(alt_irq_handler.o)
 .bss           0x0000000000014508        0x0 ../bsp/\libhal_bsp.a(alt_tick.o)
 .bss           0x0000000000014508        0x0 ../bsp/\libhal_bsp.a(altera_nios2_gen2_irq.o)
 .bss           0x0000000000014508        0x0 ../bsp/\libhal_bsp.a(alt_exception_entry.o)
 .bss           0x0000000000014508        0x0 ../bsp/\libhal_bsp.a(alt_instruction_exception_entry.o)
 .bss           0x0000000000014508        0x0 c:/intelfpga/18.1/nios2eds/bin/gnu/h-x86_64-mingw32/bin/../lib/gcc/nios2-elf/5.3.0/../../../../../H-x86_64-mingw32/nios2-elf/lib/mno-hw-mul\libc.a(lib_a-exit.o)
 .bss           0x0000000000014508        0x0 c:/intelfpga/18.1/nios2eds/bin/gnu/h-x86_64-mingw32/bin/../lib/gcc/nios2-elf/5.3.0/../../../../../H-x86_64-mingw32/nios2-elf/lib/mno-hw-mul\libc.a(lib_a-impure.o)
 .bss           0x0000000000014508        0x0 c:/intelfpga/18.1/nios2eds/bin/gnu/h-x86_64-mingw32/bin/../lib/gcc/nios2-elf/5.3.0/../../../../../H-x86_64-mingw32/nios2-elf/lib/mno-hw-mul\libc.a(lib_a-int_errno.o)
 .bss           0x0000000000014508        0x0 c:/intelfpga/18.1/nios2eds/bin/gnu/h-x86_64-mingw32/bin/../lib/gcc/nios2-elf/5.3.0/../../../../../H-x86_64-mingw32/nios2-elf/lib/mno-hw-mul\libc.a(lib_a-memcpy.o)
 .bss           0x0000000000014508        0x0 c:/intelfpga/18.1/nios2eds/bin/gnu/h-x86_64-mingw32/bin/../lib/gcc/nios2-elf/5.3.0/../../../../../H-x86_64-mingw32/nios2-elf/lib/mno-hw-mul\libc.a(lib_a-__call_atexit.o)
 .bss           0x0000000000014508        0x0 ../bsp/\libhal_bsp.a(alt_exit.o)
 *(COMMON)
 COMMON         0x0000000000014508      0x100 ../bsp/\libhal_bsp.a(alt_irq_handler.o)
                0x0000000000014508                alt_irq
                0x0000000000014608                . = ALIGN (0x4)
                0x0000000000014608                __bss_end = ABSOLUTE (.)

.RAM            0x0000000000014608        0x0
                [!provide]                        PROVIDE (_alt_partition_RAM_start, ABSOLUTE (.))
 *(.RAM .RAM. RAM.*)
                0x0000000000014608                . = ALIGN (0x4)
                [!provide]                        PROVIDE (_alt_partition_RAM_end, ABSOLUTE (.))
                0x0000000000014608                _end = ABSOLUTE (.)
                0x0000000000014608                end = ABSOLUTE (.)
                0x0000000000014608                __alt_stack_base = ABSOLUTE (.)
                [!provide]                        PROVIDE (_alt_partition_RAM_load_addr, LOADADDR (.RAM))

.stab
 *(.stab)

.stabstr
 *(.stabstr)

.stab.excl
 *(.stab.excl)

.stab.exclstr
 *(.stab.exclstr)

.stab.index
 *(.stab.index)

.stab.indexstr
 *(.stab.indexstr)

.comment        0x0000000000000000       0x23
 *(.comment)
 .comment       0x0000000000000000       0x23 obj/default/Lab3.o
                                         0x24 (size before relaxing)
 .comment       0x0000000000000023       0x24 c:/intelfpga/18.1/nios2eds/bin/gnu/h-x86_64-mingw32/bin/../lib/gcc/nios2-elf/5.3.0/mno-hw-mul\libgcc.a(lib2-divmod.o)
 .comment       0x0000000000000023       0x24 ../bsp/\libhal_bsp.a(alt_irq_register.o)
 .comment       0x0000000000000023       0x24 ../bsp/\libhal_bsp.a(alt_irq_vars.o)
 .comment       0x0000000000000023       0x24 ../bsp/\libhal_bsp.a(alt_load.o)
 .comment       0x0000000000000023       0x24 ../bsp/\libhal_bsp.a(alt_main.o)
 .comment       0x0000000000000023       0x24 ../bsp/\libhal_bsp.a(alt_printf.o)
 .comment       0x0000000000000023       0x24 ../bsp/\libhal_bsp.a(alt_putchar.o)
 .comment       0x0000000000000023       0x24 ../bsp/\libhal_bsp.a(alt_sys_init.o)
 .comment       0x0000000000000023       0x24 ../bsp/\libhal_bsp.a(altera_avalon_jtag_uart_init.o)
 .comment       0x0000000000000023       0x24 ../bsp/\libhal_bsp.a(altera_avalon_jtag_uart_write.o)
 .comment       0x0000000000000023       0x24 ../bsp/\libhal_bsp.a(altera_avalon_timer_sc.o)
 .comment       0x0000000000000023       0x24 ../bsp/\libhal_bsp.a(alt_alarm_start.o)
 .comment       0x0000000000000023       0x24 ../bsp/\libhal_bsp.a(alt_close.o)
 .comment       0x0000000000000023       0x24 ../bsp/\libhal_bsp.a(alt_dcache_flush_all.o)
 .comment       0x0000000000000023       0x24 ../bsp/\libhal_bsp.a(alt_errno.o)
 .comment       0x0000000000000023       0x24 ../bsp/\libhal_bsp.a(alt_icache_flush_all.o)
 .comment       0x0000000000000023       0x24 ../bsp/\libhal_bsp.a(alt_iic.o)
 .comment       0x0000000000000023       0x24 ../bsp/\libhal_bsp.a(alt_iic_isr_register.o)
 .comment       0x0000000000000023       0x24 ../bsp/\libhal_bsp.a(alt_irq_handler.o)
 .comment       0x0000000000000023       0x24 ../bsp/\libhal_bsp.a(alt_tick.o)
 .comment       0x0000000000000023       0x24 ../bsp/\libhal_bsp.a(altera_nios2_gen2_irq.o)
 .comment       0x0000000000000023       0x24 ../bsp/\libhal_bsp.a(alt_instruction_exception_entry.o)
 .comment       0x0000000000000023       0x24 c:/intelfpga/18.1/nios2eds/bin/gnu/h-x86_64-mingw32/bin/../lib/gcc/nios2-elf/5.3.0/../../../../../H-x86_64-mingw32/nios2-elf/lib/mno-hw-mul\libc.a(lib_a-exit.o)
 .comment       0x0000000000000023       0x24 c:/intelfpga/18.1/nios2eds/bin/gnu/h-x86_64-mingw32/bin/../lib/gcc/nios2-elf/5.3.0/../../../../../H-x86_64-mingw32/nios2-elf/lib/mno-hw-mul\libc.a(lib_a-impure.o)
 .comment       0x0000000000000023       0x24 c:/intelfpga/18.1/nios2eds/bin/gnu/h-x86_64-mingw32/bin/../lib/gcc/nios2-elf/5.3.0/../../../../../H-x86_64-mingw32/nios2-elf/lib/mno-hw-mul\libc.a(lib_a-int_errno.o)
 .comment       0x0000000000000023       0x24 c:/intelfpga/18.1/nios2eds/bin/gnu/h-x86_64-mingw32/bin/../lib/gcc/nios2-elf/5.3.0/../../../../../H-x86_64-mingw32/nios2-elf/lib/mno-hw-mul\libc.a(lib_a-memcpy.o)
 .comment       0x0000000000000023       0x24 c:/intelfpga/18.1/nios2eds/bin/gnu/h-x86_64-mingw32/bin/../lib/gcc/nios2-elf/5.3.0/../../../../../H-x86_64-mingw32/nios2-elf/lib/mno-hw-mul\libc.a(lib_a-__call_atexit.o)
 .comment       0x0000000000000023       0x24 ../bsp/\libhal_bsp.a(alt_exit.o)

.debug
 *(.debug)

.line
 *(.line)

.debug_srcinfo
 *(.debug_srcinfo)

.debug_sfnames
 *(.debug_sfnames)

.debug_aranges  0x0000000000000000      0x418
 *(.debug_aranges)
 .debug_aranges
                0x0000000000000000       0x28 ../bsp//obj/HAL/src/crt0.o
 .debug_aranges
                0x0000000000000028       0x20 obj/default/Lab3.o
 .debug_aranges
                0x0000000000000048       0x20 c:/intelfpga/18.1/nios2eds/bin/gnu/h-x86_64-mingw32/bin/../lib/gcc/nios2-elf/5.3.0/mno-hw-mul\libgcc.a(lib2-divmod.o)
 .debug_aranges
                0x0000000000000068       0x20 ../bsp/\libhal_bsp.a(alt_irq_register.o)
 .debug_aranges
                0x0000000000000088       0x18 ../bsp/\libhal_bsp.a(alt_irq_vars.o)
 .debug_aranges
                0x00000000000000a0       0x20 ../bsp/\libhal_bsp.a(alt_load.o)
 .debug_aranges
                0x00000000000000c0       0x20 ../bsp/\libhal_bsp.a(alt_main.o)
 .debug_aranges
                0x00000000000000e0       0x20 ../bsp/\libhal_bsp.a(alt_printf.o)
 .debug_aranges
                0x0000000000000100       0x20 ../bsp/\libhal_bsp.a(alt_putchar.o)
 .debug_aranges
                0x0000000000000120       0x20 ../bsp/\libhal_bsp.a(alt_sys_init.o)
 .debug_aranges
                0x0000000000000140       0x20 ../bsp/\libhal_bsp.a(altera_avalon_jtag_uart_init.o)
 .debug_aranges
                0x0000000000000160       0x20 ../bsp/\libhal_bsp.a(altera_avalon_jtag_uart_write.o)
 .debug_aranges
                0x0000000000000180       0x20 ../bsp/\libhal_bsp.a(altera_avalon_timer_sc.o)
 .debug_aranges
                0x00000000000001a0       0x20 ../bsp/\libhal_bsp.a(alt_alarm_start.o)
 .debug_aranges
                0x00000000000001c0       0x20 ../bsp/\libhal_bsp.a(alt_close.o)
 .debug_aranges
                0x00000000000001e0       0x20 ../bsp/\libhal_bsp.a(alt_dcache_flush_all.o)
 .debug_aranges
                0x0000000000000200       0x18 ../bsp/\libhal_bsp.a(alt_errno.o)
 .debug_aranges
                0x0000000000000218       0x20 ../bsp/\libhal_bsp.a(alt_icache_flush_all.o)
 .debug_aranges
                0x0000000000000238       0x20 ../bsp/\libhal_bsp.a(alt_iic.o)
 .debug_aranges
                0x0000000000000258       0x20 ../bsp/\libhal_bsp.a(alt_iic_isr_register.o)
 .debug_aranges
                0x0000000000000278       0x30 ../bsp/\libhal_bsp.a(alt_irq_entry.o)
 .debug_aranges
                0x00000000000002a8       0x20 ../bsp/\libhal_bsp.a(alt_irq_handler.o)
 .debug_aranges
                0x00000000000002c8       0x20 ../bsp/\libhal_bsp.a(alt_tick.o)
 .debug_aranges
                0x00000000000002e8       0x20 ../bsp/\libhal_bsp.a(altera_nios2_gen2_irq.o)
 .debug_aranges
                0x0000000000000308       0x38 ../bsp/\libhal_bsp.a(alt_exception_entry.o)
 .debug_aranges
                0x0000000000000340       0x28 ../bsp/\libhal_bsp.a(alt_instruction_exception_entry.o)
 .debug_aranges
                0x0000000000000368       0x20 c:/intelfpga/18.1/nios2eds/bin/gnu/h-x86_64-mingw32/bin/../lib/gcc/nios2-elf/5.3.0/../../../../../H-x86_64-mingw32/nios2-elf/lib/mno-hw-mul\libc.a(lib_a-exit.o)
 .debug_aranges
                0x0000000000000388       0x18 c:/intelfpga/18.1/nios2eds/bin/gnu/h-x86_64-mingw32/bin/../lib/gcc/nios2-elf/5.3.0/../../../../../H-x86_64-mingw32/nios2-elf/lib/mno-hw-mul\libc.a(lib_a-impure.o)
 .debug_aranges
                0x00000000000003a0       0x18 c:/intelfpga/18.1/nios2eds/bin/gnu/h-x86_64-mingw32/bin/../lib/gcc/nios2-elf/5.3.0/../../../../../H-x86_64-mingw32/nios2-elf/lib/mno-hw-mul\libc.a(lib_a-int_errno.o)
 .debug_aranges
                0x00000000000003b8       0x20 c:/intelfpga/18.1/nios2eds/bin/gnu/h-x86_64-mingw32/bin/../lib/gcc/nios2-elf/5.3.0/../../../../../H-x86_64-mingw32/nios2-elf/lib/mno-hw-mul\libc.a(lib_a-memcpy.o)
 .debug_aranges
                0x00000000000003d8       0x20 c:/intelfpga/18.1/nios2eds/bin/gnu/h-x86_64-mingw32/bin/../lib/gcc/nios2-elf/5.3.0/../../../../../H-x86_64-mingw32/nios2-elf/lib/mno-hw-mul\libc.a(lib_a-__call_atexit.o)
 .debug_aranges
                0x00000000000003f8       0x20 ../bsp/\libhal_bsp.a(alt_exit.o)

.debug_pubnames
 *(.debug_pubnames)

.debug_info     0x0000000000000000     0x488b
 *(.debug_info .gnu.linkonce.wi.*)
 .debug_info    0x0000000000000000       0x63 ../bsp//obj/HAL/src/crt0.o
 .debug_info    0x0000000000000063      0x17b obj/default/Lab3.o
 .debug_info    0x00000000000001de      0x2c6 c:/intelfpga/18.1/nios2eds/bin/gnu/h-x86_64-mingw32/bin/../lib/gcc/nios2-elf/5.3.0/mno-hw-mul\libgcc.a(lib2-divmod.o)
 .debug_info    0x00000000000004a4      0x324 ../bsp/\libhal_bsp.a(alt_irq_register.o)
 .debug_info    0x00000000000007c8       0x88 ../bsp/\libhal_bsp.a(alt_irq_vars.o)
 .debug_info    0x0000000000000850      0x145 ../bsp/\libhal_bsp.a(alt_load.o)
 .debug_info    0x0000000000000995      0x131 ../bsp/\libhal_bsp.a(alt_main.o)
 .debug_info    0x0000000000000ac6      0x119 ../bsp/\libhal_bsp.a(alt_printf.o)
 .debug_info    0x0000000000000bdf      0x104 ../bsp/\libhal_bsp.a(alt_putchar.o)
 .debug_info    0x0000000000000ce3      0x28c ../bsp/\libhal_bsp.a(alt_sys_init.o)
 .debug_info    0x0000000000000f6f      0x3a0 ../bsp/\libhal_bsp.a(altera_avalon_jtag_uart_init.o)
 .debug_info    0x000000000000130f      0x340 ../bsp/\libhal_bsp.a(altera_avalon_jtag_uart_write.o)
 .debug_info    0x000000000000164f      0x226 ../bsp/\libhal_bsp.a(altera_avalon_timer_sc.o)
 .debug_info    0x0000000000001875      0x2cc ../bsp/\libhal_bsp.a(alt_alarm_start.o)
 .debug_info    0x0000000000001b41      0x126 ../bsp/\libhal_bsp.a(alt_close.o)
 .debug_info    0x0000000000001c67       0x92 ../bsp/\libhal_bsp.a(alt_dcache_flush_all.o)
 .debug_info    0x0000000000001cf9       0xa6 ../bsp/\libhal_bsp.a(alt_errno.o)
 .debug_info    0x0000000000001d9f       0x92 ../bsp/\libhal_bsp.a(alt_icache_flush_all.o)
 .debug_info    0x0000000000001e31      0x350 ../bsp/\libhal_bsp.a(alt_iic.o)
 .debug_info    0x0000000000002181      0x1ef ../bsp/\libhal_bsp.a(alt_iic_isr_register.o)
 .debug_info    0x0000000000002370       0x6c ../bsp/\libhal_bsp.a(alt_irq_entry.o)
 .debug_info    0x00000000000023dc      0x187 ../bsp/\libhal_bsp.a(alt_irq_handler.o)
 .debug_info    0x0000000000002563      0x299 ../bsp/\libhal_bsp.a(alt_tick.o)
 .debug_info    0x00000000000027fc       0x92 ../bsp/\libhal_bsp.a(altera_nios2_gen2_irq.o)
 .debug_info    0x000000000000288e       0x72 ../bsp/\libhal_bsp.a(alt_exception_entry.o)
 .debug_info    0x0000000000002900      0x1e7 ../bsp/\libhal_bsp.a(alt_instruction_exception_entry.o)
 .debug_info    0x0000000000002ae7      0x8e4 c:/intelfpga/18.1/nios2eds/bin/gnu/h-x86_64-mingw32/bin/../lib/gcc/nios2-elf/5.3.0/../../../../../H-x86_64-mingw32/nios2-elf/lib/mno-hw-mul\libc.a(lib_a-exit.o)
 .debug_info    0x00000000000033cb      0x8a1 c:/intelfpga/18.1/nios2eds/bin/gnu/h-x86_64-mingw32/bin/../lib/gcc/nios2-elf/5.3.0/../../../../../H-x86_64-mingw32/nios2-elf/lib/mno-hw-mul\libc.a(lib_a-impure.o)
 .debug_info    0x0000000000003c6c       0x8a c:/intelfpga/18.1/nios2eds/bin/gnu/h-x86_64-mingw32/bin/../lib/gcc/nios2-elf/5.3.0/../../../../../H-x86_64-mingw32/nios2-elf/lib/mno-hw-mul\libc.a(lib_a-int_errno.o)
 .debug_info    0x0000000000003cf6      0x144 c:/intelfpga/18.1/nios2eds/bin/gnu/h-x86_64-mingw32/bin/../lib/gcc/nios2-elf/5.3.0/../../../../../H-x86_64-mingw32/nios2-elf/lib/mno-hw-mul\libc.a(lib_a-memcpy.o)
 .debug_info    0x0000000000003e3a      0x965 c:/intelfpga/18.1/nios2eds/bin/gnu/h-x86_64-mingw32/bin/../lib/gcc/nios2-elf/5.3.0/../../../../../H-x86_64-mingw32/nios2-elf/lib/mno-hw-mul\libc.a(lib_a-__call_atexit.o)
 .debug_info    0x000000000000479f       0xec ../bsp/\libhal_bsp.a(alt_exit.o)

.debug_abbrev   0x0000000000000000     0x1d28
 *(.debug_abbrev)
 .debug_abbrev  0x0000000000000000       0x12 ../bsp//obj/HAL/src/crt0.o
 .debug_abbrev  0x0000000000000012      0x116 obj/default/Lab3.o
 .debug_abbrev  0x0000000000000128      0x10e c:/intelfpga/18.1/nios2eds/bin/gnu/h-x86_64-mingw32/bin/../lib/gcc/nios2-elf/5.3.0/mno-hw-mul\libgcc.a(lib2-divmod.o)
 .debug_abbrev  0x0000000000000236      0x186 ../bsp/\libhal_bsp.a(alt_irq_register.o)
 .debug_abbrev  0x00000000000003bc       0x40 ../bsp/\libhal_bsp.a(alt_irq_vars.o)
 .debug_abbrev  0x00000000000003fc       0x9f ../bsp/\libhal_bsp.a(alt_load.o)
 .debug_abbrev  0x000000000000049b       0xba ../bsp/\libhal_bsp.a(alt_main.o)
 .debug_abbrev  0x0000000000000555       0xb0 ../bsp/\libhal_bsp.a(alt_printf.o)
 .debug_abbrev  0x0000000000000605       0xaa ../bsp/\libhal_bsp.a(alt_putchar.o)
 .debug_abbrev  0x00000000000006af      0x134 ../bsp/\libhal_bsp.a(alt_sys_init.o)
 .debug_abbrev  0x00000000000007e3      0x19e ../bsp/\libhal_bsp.a(altera_avalon_jtag_uart_init.o)
 .debug_abbrev  0x0000000000000981      0x1a8 ../bsp/\libhal_bsp.a(altera_avalon_jtag_uart_write.o)
 .debug_abbrev  0x0000000000000b29      0x155 ../bsp/\libhal_bsp.a(altera_avalon_timer_sc.o)
 .debug_abbrev  0x0000000000000c7e      0x162 ../bsp/\libhal_bsp.a(alt_alarm_start.o)
 .debug_abbrev  0x0000000000000de0       0xbb ../bsp/\libhal_bsp.a(alt_close.o)
 .debug_abbrev  0x0000000000000e9b       0x42 ../bsp/\libhal_bsp.a(alt_dcache_flush_all.o)
 .debug_abbrev  0x0000000000000edd       0x5a ../bsp/\libhal_bsp.a(alt_errno.o)
 .debug_abbrev  0x0000000000000f37       0x42 ../bsp/\libhal_bsp.a(alt_icache_flush_all.o)
 .debug_abbrev  0x0000000000000f79      0x163 ../bsp/\libhal_bsp.a(alt_iic.o)
 .debug_abbrev  0x00000000000010dc      0x169 ../bsp/\libhal_bsp.a(alt_iic_isr_register.o)
 .debug_abbrev  0x0000000000001245       0x12 ../bsp/\libhal_bsp.a(alt_irq_entry.o)
 .debug_abbrev  0x0000000000001257      0x122 ../bsp/\libhal_bsp.a(alt_irq_handler.o)
 .debug_abbrev  0x0000000000001379      0x15a ../bsp/\libhal_bsp.a(alt_tick.o)
 .debug_abbrev  0x00000000000014d3       0x42 ../bsp/\libhal_bsp.a(altera_nios2_gen2_irq.o)
 .debug_abbrev  0x0000000000001515       0x12 ../bsp/\libhal_bsp.a(alt_exception_entry.o)
 .debug_abbrev  0x0000000000001527       0xdc ../bsp/\libhal_bsp.a(alt_instruction_exception_entry.o)
 .debug_abbrev  0x0000000000001603      0x1e5 c:/intelfpga/18.1/nios2eds/bin/gnu/h-x86_64-mingw32/bin/../lib/gcc/nios2-elf/5.3.0/../../../../../H-x86_64-mingw32/nios2-elf/lib/mno-hw-mul\libc.a(lib_a-exit.o)
 .debug_abbrev  0x00000000000017e8      0x18f c:/intelfpga/18.1/nios2eds/bin/gnu/h-x86_64-mingw32/bin/../lib/gcc/nios2-elf/5.3.0/../../../../../H-x86_64-mingw32/nios2-elf/lib/mno-hw-mul\libc.a(lib_a-impure.o)
 .debug_abbrev  0x0000000000001977       0x37 c:/intelfpga/18.1/nios2eds/bin/gnu/h-x86_64-mingw32/bin/../lib/gcc/nios2-elf/5.3.0/../../../../../H-x86_64-mingw32/nios2-elf/lib/mno-hw-mul\libc.a(lib_a-int_errno.o)
 .debug_abbrev  0x00000000000019ae       0xa3 c:/intelfpga/18.1/nios2eds/bin/gnu/h-x86_64-mingw32/bin/../lib/gcc/nios2-elf/5.3.0/../../../../../H-x86_64-mingw32/nios2-elf/lib/mno-hw-mul\libc.a(lib_a-memcpy.o)
 .debug_abbrev  0x0000000000001a51      0x22e c:/intelfpga/18.1/nios2eds/bin/gnu/h-x86_64-mingw32/bin/../lib/gcc/nios2-elf/5.3.0/../../../../../H-x86_64-mingw32/nios2-elf/lib/mno-hw-mul\libc.a(lib_a-__call_atexit.o)
 .debug_abbrev  0x0000000000001c7f       0xa9 ../bsp/\libhal_bsp.a(alt_exit.o)

.debug_line     0x0000000000000000     0x1b8e
 *(.debug_line)
 .debug_line    0x0000000000000000       0x66 ../bsp//obj/HAL/src/crt0.o
 .debug_line    0x0000000000000066       0x9c obj/default/Lab3.o
 .debug_line    0x0000000000000102      0x105 c:/intelfpga/18.1/nios2eds/bin/gnu/h-x86_64-mingw32/bin/../lib/gcc/nios2-elf/5.3.0/mno-hw-mul\libgcc.a(lib2-divmod.o)
 .debug_line    0x0000000000000207      0x155 ../bsp/\libhal_bsp.a(alt_irq_register.o)
 .debug_line    0x000000000000035c       0x50 ../bsp/\libhal_bsp.a(alt_irq_vars.o)
 .debug_line    0x00000000000003ac       0x8e ../bsp/\libhal_bsp.a(alt_load.o)
 .debug_line    0x000000000000043a       0x9a ../bsp/\libhal_bsp.a(alt_main.o)
 .debug_line    0x00000000000004d4       0xea ../bsp/\libhal_bsp.a(alt_printf.o)
 .debug_line    0x00000000000005be       0x50 ../bsp/\libhal_bsp.a(alt_putchar.o)
 .debug_line    0x000000000000060e      0x115 ../bsp/\libhal_bsp.a(alt_sys_init.o)
 .debug_line    0x0000000000000723      0x18b ../bsp/\libhal_bsp.a(altera_avalon_jtag_uart_init.o)
 .debug_line    0x00000000000008ae      0x170 ../bsp/\libhal_bsp.a(altera_avalon_jtag_uart_write.o)
 .debug_line    0x0000000000000a1e       0xfd ../bsp/\libhal_bsp.a(altera_avalon_timer_sc.o)
 .debug_line    0x0000000000000b1b       0xf9 ../bsp/\libhal_bsp.a(alt_alarm_start.o)
 .debug_line    0x0000000000000c14      0x100 ../bsp/\libhal_bsp.a(alt_close.o)
 .debug_line    0x0000000000000d14       0x51 ../bsp/\libhal_bsp.a(alt_dcache_flush_all.o)
 .debug_line    0x0000000000000d65       0x51 ../bsp/\libhal_bsp.a(alt_errno.o)
 .debug_line    0x0000000000000db6       0x4f ../bsp/\libhal_bsp.a(alt_icache_flush_all.o)
 .debug_line    0x0000000000000e05       0xeb ../bsp/\libhal_bsp.a(alt_iic.o)
 .debug_line    0x0000000000000ef0       0xdb ../bsp/\libhal_bsp.a(alt_iic_isr_register.o)
 .debug_line    0x0000000000000fcb       0x6b ../bsp/\libhal_bsp.a(alt_irq_entry.o)
 .debug_line    0x0000000000001036       0xaa ../bsp/\libhal_bsp.a(alt_irq_handler.o)
 .debug_line    0x00000000000010e0       0xff ../bsp/\libhal_bsp.a(alt_tick.o)
 .debug_line    0x00000000000011df       0x51 ../bsp/\libhal_bsp.a(altera_nios2_gen2_irq.o)
 .debug_line    0x0000000000001230       0xb3 ../bsp/\libhal_bsp.a(alt_exception_entry.o)
 .debug_line    0x00000000000012e3       0xb9 ../bsp/\libhal_bsp.a(alt_instruction_exception_entry.o)
 .debug_line    0x000000000000139c      0x1fc c:/intelfpga/18.1/nios2eds/bin/gnu/h-x86_64-mingw32/bin/../lib/gcc/nios2-elf/5.3.0/../../../../../H-x86_64-mingw32/nios2-elf/lib/mno-hw-mul\libc.a(lib_a-exit.o)
 .debug_line    0x0000000000001598      0x160 c:/intelfpga/18.1/nios2eds/bin/gnu/h-x86_64-mingw32/bin/../lib/gcc/nios2-elf/5.3.0/../../../../../H-x86_64-mingw32/nios2-elf/lib/mno-hw-mul\libc.a(lib_a-impure.o)
 .debug_line    0x00000000000016f8       0x5f c:/intelfpga/18.1/nios2eds/bin/gnu/h-x86_64-mingw32/bin/../lib/gcc/nios2-elf/5.3.0/../../../../../H-x86_64-mingw32/nios2-elf/lib/mno-hw-mul\libc.a(lib_a-int_errno.o)
 .debug_line    0x0000000000001757      0x18c c:/intelfpga/18.1/nios2eds/bin/gnu/h-x86_64-mingw32/bin/../lib/gcc/nios2-elf/5.3.0/../../../../../H-x86_64-mingw32/nios2-elf/lib/mno-hw-mul\libc.a(lib_a-memcpy.o)
 .debug_line    0x00000000000018e3      0x23a c:/intelfpga/18.1/nios2eds/bin/gnu/h-x86_64-mingw32/bin/../lib/gcc/nios2-elf/5.3.0/../../../../../H-x86_64-mingw32/nios2-elf/lib/mno-hw-mul\libc.a(lib_a-__call_atexit.o)
 .debug_line    0x0000000000001b1d       0x71 ../bsp/\libhal_bsp.a(alt_exit.o)

.debug_frame    0x0000000000000000      0x744
 *(.debug_frame)
 .debug_frame   0x0000000000000000       0x50 obj/default/Lab3.o
 .debug_frame   0x0000000000000050       0x50 c:/intelfpga/18.1/nios2eds/bin/gnu/h-x86_64-mingw32/bin/../lib/gcc/nios2-elf/5.3.0/mno-hw-mul\libgcc.a(lib2-divmod.o)
 .debug_frame   0x00000000000000a0       0x34 ../bsp/\libhal_bsp.a(alt_irq_register.o)
 .debug_frame   0x00000000000000d4       0x5c ../bsp/\libhal_bsp.a(alt_load.o)
 .debug_frame   0x0000000000000130       0x2c ../bsp/\libhal_bsp.a(alt_main.o)
 .debug_frame   0x000000000000015c       0x38 ../bsp/\libhal_bsp.a(alt_printf.o)
 .debug_frame   0x0000000000000194       0x38 ../bsp/\libhal_bsp.a(alt_putchar.o)
 .debug_frame   0x00000000000001cc       0x60 ../bsp/\libhal_bsp.a(alt_sys_init.o)
 .debug_frame   0x000000000000022c       0xa4 ../bsp/\libhal_bsp.a(altera_avalon_jtag_uart_init.o)
 .debug_frame   0x00000000000002d0       0x38 ../bsp/\libhal_bsp.a(altera_avalon_jtag_uart_write.o)
 .debug_frame   0x0000000000000308       0x60 ../bsp/\libhal_bsp.a(altera_avalon_timer_sc.o)
 .debug_frame   0x0000000000000368       0x34 ../bsp/\libhal_bsp.a(alt_alarm_start.o)
 .debug_frame   0x000000000000039c       0x60 ../bsp/\libhal_bsp.a(alt_close.o)
 .debug_frame   0x00000000000003fc       0x34 ../bsp/\libhal_bsp.a(alt_dcache_flush_all.o)
 .debug_frame   0x0000000000000430       0x34 ../bsp/\libhal_bsp.a(alt_icache_flush_all.o)
 .debug_frame   0x0000000000000464       0xa4 ../bsp/\libhal_bsp.a(alt_iic.o)
 .debug_frame   0x0000000000000508       0x38 ../bsp/\libhal_bsp.a(alt_iic_isr_register.o)
 .debug_frame   0x0000000000000540       0x38 ../bsp/\libhal_bsp.a(alt_irq_handler.o)
 .debug_frame   0x0000000000000578       0x5c ../bsp/\libhal_bsp.a(alt_tick.o)
 .debug_frame   0x00000000000005d4       0x34 ../bsp/\libhal_bsp.a(altera_nios2_gen2_irq.o)
 .debug_frame   0x0000000000000608       0x5c ../bsp/\libhal_bsp.a(alt_instruction_exception_entry.o)
 .debug_frame   0x0000000000000664       0x28 c:/intelfpga/18.1/nios2eds/bin/gnu/h-x86_64-mingw32/bin/../lib/gcc/nios2-elf/5.3.0/../../../../../H-x86_64-mingw32/nios2-elf/lib/mno-hw-mul\libc.a(lib_a-exit.o)
 .debug_frame   0x000000000000068c       0x38 c:/intelfpga/18.1/nios2eds/bin/gnu/h-x86_64-mingw32/bin/../lib/gcc/nios2-elf/5.3.0/../../../../../H-x86_64-mingw32/nios2-elf/lib/mno-hw-mul\libc.a(lib_a-memcpy.o)
 .debug_frame   0x00000000000006c4       0x54 c:/intelfpga/18.1/nios2eds/bin/gnu/h-x86_64-mingw32/bin/../lib/gcc/nios2-elf/5.3.0/../../../../../H-x86_64-mingw32/nios2-elf/lib/mno-hw-mul\libc.a(lib_a-__call_atexit.o)
 .debug_frame   0x0000000000000718       0x2c ../bsp/\libhal_bsp.a(alt_exit.o)

.debug_str      0x0000000000000000     0x16b4
 *(.debug_str)
 .debug_str     0x0000000000000000      0x146 obj/default/Lab3.o
                                        0x19d (size before relaxing)
 .debug_str     0x0000000000000146      0x187 c:/intelfpga/18.1/nios2eds/bin/gnu/h-x86_64-mingw32/bin/../lib/gcc/nios2-elf/5.3.0/mno-hw-mul\libgcc.a(lib2-divmod.o)
                                        0x1d2 (size before relaxing)
 .debug_str     0x00000000000002cd       0xed ../bsp/\libhal_bsp.a(alt_irq_register.o)
                                        0x1fd (size before relaxing)
 .debug_str     0x00000000000003ba       0x17 ../bsp/\libhal_bsp.a(alt_irq_vars.o)
                                        0x12f (size before relaxing)
 .debug_str     0x00000000000003d1       0xe9 ../bsp/\libhal_bsp.a(alt_load.o)
                                        0x207 (size before relaxing)
 .debug_str     0x00000000000004ba       0x44 ../bsp/\libhal_bsp.a(alt_main.o)
                                        0x192 (size before relaxing)
 .debug_str     0x00000000000004fe       0x53 ../bsp/\libhal_bsp.a(alt_printf.o)
                                         0xef (size before relaxing)
 .debug_str     0x0000000000000551       0x65 ../bsp/\libhal_bsp.a(alt_putchar.o)
                                        0x17b (size before relaxing)
 .debug_str     0x00000000000005b6      0x112 ../bsp/\libhal_bsp.a(alt_sys_init.o)
                                        0x2c2 (size before relaxing)
 .debug_str     0x00000000000006c8       0xd7 ../bsp/\libhal_bsp.a(altera_avalon_jtag_uart_init.o)
                                        0x32d (size before relaxing)
 .debug_str     0x000000000000079f       0x2c ../bsp/\libhal_bsp.a(altera_avalon_jtag_uart_write.o)
                                        0x2de (size before relaxing)
 .debug_str     0x00000000000007cb       0x6d ../bsp/\libhal_bsp.a(altera_avalon_timer_sc.o)
                                        0x240 (size before relaxing)
 .debug_str     0x0000000000000838       0x59 ../bsp/\libhal_bsp.a(alt_alarm_start.o)
                                        0x273 (size before relaxing)
 .debug_str     0x0000000000000891       0x33 ../bsp/\libhal_bsp.a(alt_close.o)
                                        0x186 (size before relaxing)
 .debug_str     0x00000000000008c4       0x34 ../bsp/\libhal_bsp.a(alt_dcache_flush_all.o)
                                        0x14a (size before relaxing)
 .debug_str     0x00000000000008f8       0x14 ../bsp/\libhal_bsp.a(alt_errno.o)
                                        0x13a (size before relaxing)
 .debug_str     0x000000000000090c       0x34 ../bsp/\libhal_bsp.a(alt_icache_flush_all.o)
                                        0x14a (size before relaxing)
 .debug_str     0x0000000000000940       0x70 ../bsp/\libhal_bsp.a(alt_iic.o)
                                        0x233 (size before relaxing)
 .debug_str     0x00000000000009b0       0x34 ../bsp/\libhal_bsp.a(alt_iic_isr_register.o)
                                        0x1dd (size before relaxing)
 .debug_str     0x00000000000009e4       0x3a ../bsp/\libhal_bsp.a(alt_irq_handler.o)
                                        0x18c (size before relaxing)
 .debug_str     0x0000000000000a1e       0x4a ../bsp/\libhal_bsp.a(alt_tick.o)
                                        0x247 (size before relaxing)
 .debug_str     0x0000000000000a68       0x3b ../bsp/\libhal_bsp.a(altera_nios2_gen2_irq.o)
                                        0x151 (size before relaxing)
 .debug_str     0x0000000000000aa3      0x48b ../bsp/\libhal_bsp.a(alt_instruction_exception_entry.o)
                                        0x595 (size before relaxing)
 .debug_str     0x0000000000000f2e      0x4e1 c:/intelfpga/18.1/nios2eds/bin/gnu/h-x86_64-mingw32/bin/../lib/gcc/nios2-elf/5.3.0/../../../../../H-x86_64-mingw32/nios2-elf/lib/mno-hw-mul\libc.a(lib_a-exit.o)
                                        0x5be (size before relaxing)
 .debug_str     0x000000000000140f       0xd6 c:/intelfpga/18.1/nios2eds/bin/gnu/h-x86_64-mingw32/bin/../lib/gcc/nios2-elf/5.3.0/../../../../../H-x86_64-mingw32/nios2-elf/lib/mno-hw-mul\libc.a(lib_a-impure.o)
                                        0x5b5 (size before relaxing)
 .debug_str     0x00000000000014e5       0x3f c:/intelfpga/18.1/nios2eds/bin/gnu/h-x86_64-mingw32/bin/../lib/gcc/nios2-elf/5.3.0/../../../../../H-x86_64-mingw32/nios2-elf/lib/mno-hw-mul\libc.a(lib_a-int_errno.o)
                                        0x1dd (size before relaxing)
 .debug_str     0x0000000000001524      0x101 c:/intelfpga/18.1/nios2eds/bin/gnu/h-x86_64-mingw32/bin/../lib/gcc/nios2-elf/5.3.0/../../../../../H-x86_64-mingw32/nios2-elf/lib/mno-hw-mul\libc.a(lib_a-memcpy.o)
                                        0x20b (size before relaxing)
 .debug_str     0x0000000000001625       0x65 c:/intelfpga/18.1/nios2eds/bin/gnu/h-x86_64-mingw32/bin/../lib/gcc/nios2-elf/5.3.0/../../../../../H-x86_64-mingw32/nios2-elf/lib/mno-hw-mul\libc.a(lib_a-__call_atexit.o)
                                        0x5e2 (size before relaxing)
 .debug_str     0x000000000000168a       0x2a ../bsp/\libhal_bsp.a(alt_exit.o)
                                        0x146 (size before relaxing)

.debug_loc      0x0000000000000000      0x920
 *(.debug_loc)
 .debug_loc     0x0000000000000000      0x4ce c:/intelfpga/18.1/nios2eds/bin/gnu/h-x86_64-mingw32/bin/../lib/gcc/nios2-elf/5.3.0/mno-hw-mul\libgcc.a(lib2-divmod.o)
 .debug_loc     0x00000000000004ce       0x1e c:/intelfpga/18.1/nios2eds/bin/gnu/h-x86_64-mingw32/bin/../lib/gcc/nios2-elf/5.3.0/../../../../../H-x86_64-mingw32/nios2-elf/lib/mno-hw-mul\libc.a(lib_a-exit.o)
 .debug_loc     0x00000000000004ec      0x266 c:/intelfpga/18.1/nios2eds/bin/gnu/h-x86_64-mingw32/bin/../lib/gcc/nios2-elf/5.3.0/../../../../../H-x86_64-mingw32/nios2-elf/lib/mno-hw-mul\libc.a(lib_a-memcpy.o)
 .debug_loc     0x0000000000000752      0x1ce c:/intelfpga/18.1/nios2eds/bin/gnu/h-x86_64-mingw32/bin/../lib/gcc/nios2-elf/5.3.0/../../../../../H-x86_64-mingw32/nios2-elf/lib/mno-hw-mul\libc.a(lib_a-__call_atexit.o)

.debug_macinfo
 *(.debug_macinfo)

.debug_weaknames
 *(.debug_weaknames)

.debug_funcnames
 *(.debug_funcnames)

.debug_typenames
 *(.debug_typenames)

.debug_varnames
 *(.debug_varnames)

.debug_alt_sim_info
                0x0000000000000000       0x10
 *(.debug_alt_sim_info)
 .debug_alt_sim_info
                0x0000000000000000       0x10 ../bsp//obj/HAL/src/crt0.o
                0x0000000000019c40                __alt_data_end = 0x19c40
                0x0000000000019c40                PROVIDE (__alt_stack_pointer, __alt_data_end)
                [!provide]                        PROVIDE (__alt_stack_limit, __alt_stack_base)
                [!provide]                        PROVIDE (__alt_heap_start, end)
                [!provide]                        PROVIDE (__alt_heap_limit, 0x19c40)
OUTPUT(Lab3.elf elf32-littlenios2)

.debug_ranges   0x0000000000000000      0x180
 .debug_ranges  0x0000000000000000       0x20 ../bsp//obj/HAL/src/crt0.o
 .debug_ranges  0x0000000000000020       0x60 c:/intelfpga/18.1/nios2eds/bin/gnu/h-x86_64-mingw32/bin/../lib/gcc/nios2-elf/5.3.0/mno-hw-mul\libgcc.a(lib2-divmod.o)
 .debug_ranges  0x0000000000000080       0x30 ../bsp/\libhal_bsp.a(altera_avalon_jtag_uart_init.o)
 .debug_ranges  0x00000000000000b0       0x28 ../bsp/\libhal_bsp.a(alt_irq_entry.o)
 .debug_ranges  0x00000000000000d8       0x10 ../bsp/\libhal_bsp.a(alt_irq_handler.o)
 .debug_ranges  0x00000000000000e8       0x30 ../bsp/\libhal_bsp.a(alt_exception_entry.o)
 .debug_ranges  0x0000000000000118       0x18 ../bsp/\libhal_bsp.a(alt_instruction_exception_entry.o)
 .debug_ranges  0x0000000000000130       0x10 c:/intelfpga/18.1/nios2eds/bin/gnu/h-x86_64-mingw32/bin/../lib/gcc/nios2-elf/5.3.0/../../../../../H-x86_64-mingw32/nios2-elf/lib/mno-hw-mul\libc.a(lib_a-exit.o)
 .debug_ranges  0x0000000000000140       0x10 c:/intelfpga/18.1/nios2eds/bin/gnu/h-x86_64-mingw32/bin/../lib/gcc/nios2-elf/5.3.0/../../../../../H-x86_64-mingw32/nios2-elf/lib/mno-hw-mul\libc.a(lib_a-memcpy.o)
 .debug_ranges  0x0000000000000150       0x30 c:/intelfpga/18.1/nios2eds/bin/gnu/h-x86_64-mingw32/bin/../lib/gcc/nios2-elf/5.3.0/../../../../../H-x86_64-mingw32/nios2-elf/lib/mno-hw-mul\libc.a(lib_a-__call_atexit.o)
